; ModuleID = 'pointers.crunch'
source_filename = "pointers.crunch"

@llvm.global_ctors = appending global [1 x void ()*] [void ()* @init.ctors]

define void @main() {
entry:
  br label %body

body:                                             ; preds = %entry
  %x = alloca i32
  store i32 1, i32* %x
  %y = alloca i32*
  store i32* %x, i32** %y
  %y.deref = load i32*, i32** %y
  store i32 2, i32* %y.deref
  ret void
}

define void @init.ctors() {
entry:
  ret void
}
